// Jest Snapshot v1, https://goo.gl/fbAQLP

exports[`test Calculator component rendering 1`] = `
<div
  className="cal-main-container"
>
  <h2>
    Let us do some Math!
  </h2>
  <div
    className="app-container"
  >
    <input
      className="calsc"
      id="calsc"
      readOnly={true}
      type="text"
      value="0"
    />
    <div
      className="calculator-panel"
    >
      <button
        className="calculator-button "
        onClick={[Function]}
        type="button"
      >
        AC
      </button>
      <button
        className="calculator-button "
        onClick={[Function]}
        type="button"
      >
        +/-
      </button>
      <button
        className="calculator-button "
        onClick={[Function]}
        type="button"
      >
        %
      </button>
      <button
        className="calculator-button "
        onClick={[Function]}
        type="button"
      >
        รท
      </button>
    </div>
    <div
      className="calculator-panel"
    >
      <button
        className="calculator-button "
        onClick={[Function]}
        type="button"
      >
        7
      </button>
      <button
        className="calculator-button "
        onClick={[Function]}
        type="button"
      >
        8
      </button>
      <button
        className="calculator-button "
        onClick={[Function]}
        type="button"
      >
        9
      </button>
      <button
        className="calculator-button "
        onClick={[Function]}
        type="button"
      >
        x
      </button>
    </div>
    <div
      className="calculator-panel"
    >
      <button
        className="calculator-button "
        onClick={[Function]}
        type="button"
      >
        4
      </button>
      <button
        className="calculator-button "
        onClick={[Function]}
        type="button"
      >
        5
      </button>
      <button
        className="calculator-button "
        onClick={[Function]}
        type="button"
      >
        6
      </button>
      <button
        className="calculator-button "
        onClick={[Function]}
        type="button"
      >
        -
      </button>
    </div>
    <div
      className="calculator-panel"
    >
      <button
        className="calculator-button "
        onClick={[Function]}
        type="button"
      >
        1
      </button>
      <button
        className="calculator-button "
        onClick={[Function]}
        type="button"
      >
        2
      </button>
      <button
        className="calculator-button "
        onClick={[Function]}
        type="button"
      >
        3
      </button>
      <button
        className="calculator-button "
        onClick={[Function]}
        type="button"
      >
        +
      </button>
    </div>
    <div
      className="calculator-panel"
    >
      <button
        className="calculator-button wide"
        onClick={[Function]}
        type="button"
      >
        0
      </button>
      <button
        className="calculator-button "
        onClick={[Function]}
        type="button"
      >
        .
      </button>
      <button
        className="calculator-button "
        onClick={[Function]}
        type="button"
      >
        =
      </button>
    </div>
  </div>
</div>
`;
