// Jest Snapshot v1, https://goo.gl/fbAQLP

exports[`Quotes rendering 1`] = `
<ul
  className="quotes"
/>
`;
